Hello from MCP Swift
